Microchip MPLAB XC8 Compiler V2.41

Linker command line:

-W-3 \
  --edf=C:/Program Files/Microchip/MPLABX/v6.20/packs/Microchip/PIC18F-Q_DFP/1.24.430/xc8\pic\dat\20231218142416_en.msgs \
  -pivt0x8=08h -cn \
  -h+dist/default/production\T5-Fuel-Gauge.X.production.sym \
  --cmf=dist/default/production\T5-Fuel-Gauge.X.production.cmf -z \
  -Q18F27Q84 \
  -oC:\Users\TIM~1.SAB\AppData\Local\Temp\xcAs730.\driver_tmp_3.o \
  --defsym=__MPLAB_BUILD=1 --fixupoverflow=error \
  -Mdist/default/production/T5-Fuel-Gauge.X.production.map \
  --md=C:\Users\TIM~1.SAB\AppData\Local\Temp\xcAs730.\driver_tmp_0.dat -E1 \
  -ver=XC8 Compiler --acfsm=1493 -ACODE=00h-01FFFFh -ACONST=00h-01FFFFh \
  -ASMALLCONST=04000h-040FFhx448 \
  -AMEDIUMCONST=04000h-0FFFFh,014000h-01FFFFh -ACOMRAM=0501h-055Fh \
  -AABS1=0500h-036FFh -ABIGRAM=0501h-036FFh \
  -ARAM=0560h-05FFh,0600h-06FFhx49 -ABANK5=0560h-05FFh -ABANK6=0600h-06FFh \
  -ABANK7=0700h-07FFh -ABANK8=0800h-08FFh -ABANK9=0900h-09FFh \
  -ABANK10=0A00h-0AFFh -ABANK11=0B00h-0BFFh -ABANK12=0C00h-0CFFh \
  -ABANK13=0D00h-0DFFh -ABANK14=0E00h-0EFFh -ABANK15=0F00h-0FFFh \
  -ABANK16=01000h-010FFh -ABANK17=01100h-011FFh -ABANK18=01200h-012FFh \
  -ABANK19=01300h-013FFh -ABANK20=01400h-014FFh -ABANK21=01500h-015FFh \
  -ABANK22=01600h-016FFh -ABANK23=01700h-017FFh -ABANK24=01800h-018FFh \
  -ABANK25=01900h-019FFh -ABANK26=01A00h-01AFFh -ABANK27=01B00h-01BFFh \
  -ABANK28=01C00h-01CFFh -ABANK29=01D00h-01DFFh -ABANK30=01E00h-01EFFh \
  -ABANK31=01F00h-01FFFh -ABANK32=02000h-020FFh -ABANK33=02100h-021FFh \
  -ABANK34=02200h-022FFh -ABANK35=02300h-023FFh -ABANK36=02400h-024FFh \
  -ABANK37=02500h-025FFh -ABANK38=02600h-026FFh -ABANK39=02700h-027FFh \
  -ABANK40=02800h-028FFh -ABANK41=02900h-029FFh -ABANK42=02A00h-02AFFh \
  -ABANK43=02B00h-02BFFh -ABANK44=02C00h-02CFFh -ABANK45=02D00h-02DFFh \
  -ABANK46=02E00h-02EFFh -ABANK47=02F00h-02FFFh -ABANK48=03000h-030FFh \
  -ABANK49=03100h-031FFh -ABANK50=03200h-032FFh -ABANK51=03300h-033FFh \
  -ABANK52=03400h-034FFh -ABANK53=03500h-035FFh -ABANK54=03600h-036FFh \
  -ASFR=00h-0FFhx4,0400h-045Fh,0460h-04FFh,03700h-037FFhx9 \
  -ABIGSFR=00h-04FFh,03700h-03FFFh -ACONFIG=0300000h-0300023h \
  -AIDLOC=0200000h-020003Fh -AEEDATA=0380000h-03803FFh -peeprom_data=EEDATA \
  -preset_vec=00h -ppowerup=CODE,init -pramtop=04000h \
  -psmallconst=SMALLCONST -pmediumconst=MEDIUMCONST -pconst=CONST \
  -AFARRAM=00h-00h \
  -prdata=COMRAM,nvrram=COMRAM,nvbit=COMRAM,rbss=COMRAM,rbit=COMRAM \
  -pfarbss=FARRAM,fardata=FARRAM,nvFARRAM=FARRAM \
  -pintsave_regs=BIGRAM,bigbss=BIGRAM,bigdata=BIGRAM -pbss=RAM \
  -pidata=CODE,irdata=CODE,ibigdata=CODE,ifardata=CODE -prparam=COMRAM \
  C:\Users\TIM~1.SAB\AppData\Local\Temp\xcAs730.\driver_tmp_9.o \
  dist/default/production\T5-Fuel-Gauge.X.production.o 

Object code version is 3.11

Machine type is 18F27Q84



                Name                               Link     Load   Length Selector   Space Scale
C:\Users\TIM~1.SAB\AppData\Local\Temp\xcAs730.\driver_tmp_9.o
                config                           300000   300000       23        0       4
                init                                 1A       1A        4        4       0
                reset_vec                             0        0        4        0       0
dist/default/production\T5-Fuel-Gauge.X.production.o
                config                           300000   300000       23        0       4
                smallconst                         4000     4000       8E     2000       0
                ivt0x8                                8        8       12        4       0
                text52                             5A4A     5A4A       16     2047       0
                text51                             5B24     5B24        2     2047       0
                text50                             5A9C     5A9C       14     2047       0
                text49                             5B22     5B22        2     2047       0
                text48                             5804     5804       3C     2047       0
                text47                             5460     5460       7E     2047       0
                text46                             59AC     59AC       1E     2047       0
                text45                             5A32     5A32       18     2047       0
                text44                             5A00     5A00       1A     2047       0
                text43                             4644     4644      270     2047       0
                text42                             50B6     50B6       E6     2047       0
                text41                             56E4     56E4       52     2047       0
                text40                             4EAA     4EAA      10A     2047       0
                text39                             5736     5736       50     2047       0
                text38                             48B4     48B4      21A     2047       0
                text37                             5A1A     5A1A       18     2047       0
                text36                             57C6     57C6       3E     2047       0
                text35                             5920     5920       28     2047       0
                text34                             562A     562A       66     2047       0
                text33                             54DE     54DE       76     2047       0
                text32                             59CA     59CA       1C     2047       0
                text31                             58A2     58A2       2C     2047       0
                text30                             5A88     5A88       14     2047       0
                text29                             5B06     5B06        A     2047       0
                text28                             53DC     53DC       84     2047       0
                text27                             5A74     5A74       14     2047       0
                text26                             5876     5876       2C     2047       0
                text25                             58CE     58CE       2A     2047       0
                text24                             5A60     5A60       14     2047       0
                text23                             5690     5690       54     2047       0
                text22                             596A     596A       22     2047       0
                text21                             5AF8     5AF8        E     2047       0
                text20                             5AEA     5AEA        E     2047       0
                text19                             5ADC     5ADC        E     2047       0
                text18                             5786     5786       40     2047       0
                text17                             5274     5274       C4     2047       0
                text16                             58F8     58F8       28     2047       0
                text15                             59E6     59E6       1A     2047       0
                text14                             5ACE     5ACE        E     2047       0
                text13                             5840     5840       36     2047       0
                text12                             5AB0     5AB0       10     2047       0
                text11                             5948     5948       22     2047       0
                text10                             5B1C     5B1C        6     2047       0
                text9                              408E     408E      2EE     2047       0
                text8                              5338     5338       A4     2047       0
                text7                              55C0     55C0       6A     2047       0
                text6                              4FB4     4FB4      102     2047       0
                text5                              598C     598C       20     2047       0
                text4                              5B16     5B16        6     2047       0
                text3                              519C     519C       D8     2047       0
                text2                              437C     437C      2C8     2047       0
                text1                              4CDA     4CDA      1D0     2047       0
                text0                              4ACE     4ACE      20C     2047       0
                cstackCOMRAM                        501      501       3E      501       1
                cstackBANK5                         59C      59C        2      560       1
                dataBANK5                           58E      58E        E      560       1
                bssBANK5                            560      560       2E      560       1
                dataCOMRAM                          558      558        6      501       1
                bssCOMRAM                           53F      53F       19      501       1
                cinit                              5554     5554       6C     2047       0
                idataBANK5                         5AC0     5AC0        E     2047       0
                idataCOMRAM                        5B10     5B10        6     2047       0

TOTAL           Name                               Link     Load   Length     Space
        CLASS   CODE           
                init                                 1A       1A        4         0
                reset_vec                             0        0        4         0
                ivt0x8                                8        8       12         0
                text52                             5A4A     5A4A       16         0
                text51                             5B24     5B24        2         0
                text50                             5A9C     5A9C       14         0
                text49                             5B22     5B22        2         0
                text48                             5804     5804       3C         0
                text47                             5460     5460       7E         0
                text46                             59AC     59AC       1E         0
                text45                             5A32     5A32       18         0
                text44                             5A00     5A00       1A         0
                text43                             4644     4644      270         0
                text42                             50B6     50B6       E6         0
                text41                             56E4     56E4       52         0
                text40                             4EAA     4EAA      10A         0
                text39                             5736     5736       50         0
                text38                             48B4     48B4      21A         0
                text37                             5A1A     5A1A       18         0
                text36                             57C6     57C6       3E         0
                text35                             5920     5920       28         0
                text34                             562A     562A       66         0
                text33                             54DE     54DE       76         0
                text32                             59CA     59CA       1C         0
                text31                             58A2     58A2       2C         0
                text30                             5A88     5A88       14         0
                text29                             5B06     5B06        A         0
                text28                             53DC     53DC       84         0
                text27                             5A74     5A74       14         0
                text26                             5876     5876       2C         0
                text25                             58CE     58CE       2A         0
                text24                             5A60     5A60       14         0
                text23                             5690     5690       54         0
                text22                             596A     596A       22         0
                text21                             5AF8     5AF8        E         0
                text20                             5AEA     5AEA        E         0
                text19                             5ADC     5ADC        E         0
                text18                             5786     5786       40         0
                text17                             5274     5274       C4         0
                text16                             58F8     58F8       28         0
                text15                             59E6     59E6       1A         0
                text14                             5ACE     5ACE        E         0
                text13                             5840     5840       36         0
                text12                             5AB0     5AB0       10         0
                text11                             5948     5948       22         0
                text10                             5B1C     5B1C        6         0
                text9                              408E     408E      2EE         0
                text8                              5338     5338       A4         0
                text7                              55C0     55C0       6A         0
                text6                              4FB4     4FB4      102         0
                text5                              598C     598C       20         0
                text4                              5B16     5B16        6         0
                text3                              519C     519C       D8         0
                text2                              437C     437C      2C8         0
                text1                              4CDA     4CDA      1D0         0
                text0                              4ACE     4ACE      20C         0
                cinit                              5554     5554       6C         0
                idataBANK5                         5AC0     5AC0        E         0
                idataCOMRAM                        5B10     5B10        6         0

        CLASS   CONST          

        CLASS   SMALLCONST     
                smallconst                         4000     4000       8E         0

        CLASS   MEDIUMCONST    

        CLASS   COMRAM         
                cstackCOMRAM                        501      501       3E         1
                dataCOMRAM                          558      558        6         1
                bssCOMRAM                           53F      53F       19         1

        CLASS   ABS1           

        CLASS   BIGRAM         

        CLASS   RAM            

        CLASS   BANK5          
                cstackBANK5                         59C      59C        2         1
                dataBANK5                           58E      58E        E         1
                bssBANK5                            560      560       2E         1

        CLASS   BANK6          

        CLASS   BANK7          

        CLASS   BANK8          

        CLASS   BANK9          

        CLASS   BANK10         

        CLASS   BANK11         

        CLASS   BANK12         

        CLASS   BANK13         

        CLASS   BANK14         

        CLASS   BANK15         

        CLASS   BANK16         

        CLASS   BANK17         

        CLASS   BANK18         

        CLASS   BANK19         

        CLASS   BANK20         

        CLASS   BANK21         

        CLASS   BANK22         

        CLASS   BANK23         

        CLASS   BANK24         

        CLASS   BANK25         

        CLASS   BANK26         

        CLASS   BANK27         

        CLASS   BANK28         

        CLASS   BANK29         

        CLASS   BANK30         

        CLASS   BANK31         

        CLASS   BANK32         

        CLASS   BANK33         

        CLASS   BANK34         

        CLASS   BANK35         

        CLASS   BANK36         

        CLASS   BANK37         

        CLASS   BANK38         

        CLASS   BANK39         

        CLASS   BANK40         

        CLASS   BANK41         

        CLASS   BANK42         

        CLASS   BANK43         

        CLASS   BANK44         

        CLASS   BANK45         

        CLASS   BANK46         

        CLASS   BANK47         

        CLASS   BANK48         

        CLASS   BANK49         

        CLASS   BANK50         

        CLASS   BANK51         

        CLASS   BANK52         

        CLASS   BANK53         

        CLASS   BANK54         

        CLASS   SFR            

        CLASS   BIGSFR         

        CLASS   CONFIG         
                config                           300000   300000       23         4

        CLASS   IDLOC          

        CLASS   EEDATA         

        CLASS   FARRAM         

        CLASS   HEAP           

        CLASS   STACK          



SEGMENTS        Name                           Load    Length   Top    Selector   Space  Class

                reset_vec                      000000  000004  000004         0       0  CODE    
                ivt0x8                         000008  000016  00001E         4       0  CODE    
                cstackCOMRAM                   000501  00005D  00055E       501       1  COMRAM  
                bssBANK5                       000560  00003E  00059E       560       1  BANK5   
                smallconst                     004000  00008E  00408E      2000       0  SMALLCON
                text9                          00408E  001A98  005B26      2047       0  CODE    


UNUSED ADDRESS RANGES

        Name                Unused          Largest block    Delta
        BANK10           000A00-000AFF              100
        BANK11           000B00-000BFF              100
        BANK12           000C00-000CFF              100
        BANK13           000D00-000DFF              100
        BANK14           000E00-000EFF              100
        BANK15           000F00-000FFF              100
        BANK16           001000-0010FF              100
        BANK17           001100-0011FF              100
        BANK18           001200-0012FF              100
        BANK19           001300-0013FF              100
        BANK20           001400-0014FF              100
        BANK21           001500-0015FF              100
        BANK22           001600-0016FF              100
        BANK23           001700-0017FF              100
        BANK24           001800-0018FF              100
        BANK25           001900-0019FF              100
        BANK26           001A00-001AFF              100
        BANK27           001B00-001BFF              100
        BANK28           001C00-001CFF              100
        BANK29           001D00-001DFF              100
        BANK30           001E00-001EFF              100
        BANK31           001F00-001FFF              100
        BANK32           002000-0020FF              100
        BANK33           002100-0021FF              100
        BANK34           002200-0022FF              100
        BANK35           002300-0023FF              100
        BANK36           002400-0024FF              100
        BANK37           002500-0025FF              100
        BANK38           002600-0026FF              100
        BANK39           002700-0027FF              100
        BANK40           002800-0028FF              100
        BANK41           002900-0029FF              100
        BANK42           002A00-002AFF              100
        BANK43           002B00-002BFF              100
        BANK44           002C00-002CFF              100
        BANK45           002D00-002DFF              100
        BANK46           002E00-002EFF              100
        BANK47           002F00-002FFF              100
        BANK48           003000-0030FF              100
        BANK49           003100-0031FF              100
        BANK5            00059E-0005FF               62
        BANK50           003200-0032FF              100
        BANK51           003300-0033FF              100
        BANK52           003400-0034FF              100
        BANK53           003500-0035FF              100
        BANK54           003600-0036FF              100
        BANK6            000600-0006FF              100
        BANK7            000700-0007FF              100
        BANK8            000800-0008FF              100
        BANK9            000900-0009FF              100
        BIGRAM           00055E-00055F                2
                         00059E-0036FF             3162
        BIGSFR           000000-0004FF              500
                         003700-003FFF              900
        CODE             000004-000007                4
                         00001E-003FFF             3FE2
                         005B26-01FFFF            1A4DA
        COMRAM           00055E-00055F                2
        CONFIG           300023-300023                1
        CONST            000004-000007                4
                         00001E-003FFF             3FE2
                         005B26-01FFFF            1A4DA
        EEDATA           380000-3803FF              400
        IDLOC            200000-20003F               40
        MEDIUMCONST      005B26-00FFFF             A4DA
                         014000-01FFFF             C000
        RAM              00059E-0036FF              100
        SFR              000000-0004FF              100
                         003700-003FFF              100
        SMALLCONST       005B26-01FFFF              100

                                  Symbol Table

?_IO_RTC_GetTimeUS                              cstackCOMRAM 000503
?___lldiv                                       cstackCOMRAM 00050F
?___lmul                                        cstackCOMRAM 000503
?_linear_map                                    cstackCOMRAM 00051C
CAN1_DlcToDataBytesGet@dlc                      cstackCOMRAM 000503
CAN1_DlcToDataBytesGet@dlcByteSize              smallconst   00407C
CAN1_GetRxFifoDepth@validChannel                cstackCOMRAM 000504
CAN1_GetRxFifoStatus@validChannel               cstackCOMRAM 000503
CAN1_GetTxFifoStatus@validChannel               cstackCOMRAM 000503
CAN1_IsTxChannel@channel                        cstackCOMRAM 000504
CAN1_MessageReadFromFifo@index                  cstackCOMRAM 00050E
CAN1_MessageReadFromFifo@msgId                  cstackCOMRAM 00050A
CAN1_MessageReadFromFifo@rxCanMsg               cstackCOMRAM 000506
CAN1_MessageReadFromFifo@rxFifoObj              cstackCOMRAM 000504
CAN1_MessageWriteToFifo@msgId                   cstackCOMRAM 000518
CAN1_MessageWriteToFifo@txCanMsg                cstackCOMRAM 000511
CAN1_MessageWriteToFifo@txFifoObj               cstackCOMRAM 00050F
CAN1_OperationModeSet@requestMode               cstackCOMRAM 000504
CAN1_OperationModeSet@status                    cstackCOMRAM 000503
CAN1_RX_FIFO_ResetInfo@count                    cstackCOMRAM 000503
CAN1_Receive@index                              cstackCOMRAM 00051C
CAN1_Receive@rxCanMsg                           cstackCOMRAM 000519
CAN1_Receive@status                             cstackCOMRAM 00051B
CAN1_ReceiveFromFiFo@channel                    cstackCOMRAM 00050F
CAN1_ReceiveFromFiFo@index                      cstackCOMRAM 000518
CAN1_ReceiveFromFiFo@rxCanMsg                   cstackCOMRAM 000510
CAN1_ReceiveFromFiFo@rxFifoObj                  cstackCOMRAM 000515
CAN1_ReceiveFromFiFo@rxMsgStatus                cstackCOMRAM 000517
CAN1_ReceiveFromFiFo@status                     cstackCOMRAM 000514
CAN1_ReceivedMessageCountGet@fifoChannel        cstackCOMRAM 000509
CAN1_ReceivedMessageCountGet@fifoDepth          cstackCOMRAM 00050A
CAN1_ReceivedMessageCountGet@index              cstackCOMRAM 00050C
CAN1_ReceivedMessageCountGet@numOfMsg           cstackCOMRAM 000508
CAN1_ReceivedMessageCountGet@rxMsgStatus        cstackCOMRAM 000507
CAN1_ReceivedMessageCountGet@rxfifoMsgTail      cstackCOMRAM 00050B
CAN1_ReceivedMessageCountGet@totalMsgObj        cstackCOMRAM 000506
CAN1_Transmit@fifoChannel                       cstackCOMRAM 000521
CAN1_Transmit@status                            cstackCOMRAM 00051E
CAN1_Transmit@txCanMsg                          cstackCOMRAM 00051C
CAN1_Transmit@txFifoObj                         cstackCOMRAM 00051F
CAN1_TransmitFIFOStatusGet@fifoChannel          cstackCOMRAM 000506
CAN1_TransmitFIFOStatusGet@status               cstackCOMRAM 000505
CAN1_ValidateTransmission@channel               cstackCOMRAM 00050A
CAN1_ValidateTransmission@txCanMsg              cstackCOMRAM 000507
CAN1_ValidateTransmission@txMsgStatus           cstackCOMRAM 00050B
INT0_SetInterruptHandler@InterruptHandler       cstackCOMRAM 000503
INT1_SetInterruptHandler@InterruptHandler       cstackCOMRAM 000503
INT2_SetInterruptHandler@InterruptHandler       cstackCOMRAM 000503
IO_RTC_GetTimeUS@tmr                            cstackCOMRAM 000503
IO_RTC_StartTime@ptr                            cstackCOMRAM 000503
IVTBASEH                                        (abs)        00045E
IVTBASEL                                        (abs)        00045D
IVTBASEU                                        (abs)        00045F
SPI2_ByteExchange@data                          cstackCOMRAM 000503
SPI2_Open@spiConfigIndex                        cstackCOMRAM 000504
Timer0_OverflowCallbackRegister@CallbackHandler cstackCOMRAM 000503
_ACTCON                                         (abs)        0000AC
_ANSELA                                         (abs)        000400
_ANSELB                                         (abs)        000408
_ANSELC                                         (abs)        000410
_C1CONH                                         (abs)        000101
_C1CONHbits                                     (abs)        000101
_C1CONL                                         (abs)        000100
_C1CONT                                         (abs)        000103
_C1CONTbits                                     (abs)        000103
_C1CONU                                         (abs)        000102
_C1CONUbits                                     (abs)        000102
_C1FIFOBAH                                      (abs)        00014D
_C1FIFOBAL                                      (abs)        00014C
_C1FIFOCON1H                                    (abs)        00015D
_C1FIFOCON1L                                    (abs)        00015C
_C1FIFOCON1T                                    (abs)        00015F
_C1FIFOCON1U                                    (abs)        00015E
_C1FIFOSTA1Lbits                                (abs)        000160
_C1FLTCON0Lbits                                 (abs)        000180
_C1FLTOBJ0H                                     (abs)        00018D
_C1FLTOBJ0L                                     (abs)        00018C
_C1FLTOBJ0T                                     (abs)        00018F
_C1FLTOBJ0U                                     (abs)        00018E
_C1INTHbits                                     (abs)        00011D
_C1INTLbits                                     (abs)        00011C
_C1INTTbits                                     (abs)        00011F
_C1MASK0H                                       (abs)        000191
_C1MASK0L                                       (abs)        000190
_C1MASK0T                                       (abs)        000193
_C1MASK0U                                       (abs)        000192
_C1NBTCFGH                                      (abs)        000105
_C1NBTCFGL                                      (abs)        000104
_C1NBTCFGT                                      (abs)        000107
_C1NBTCFGU                                      (abs)        000106
_C1TRECHbits                                    (abs)        000135
_C1TRECLbits                                    (abs)        000134
_C1TRECUbits                                    (abs)        000136
_C1TXQCONH                                      (abs)        000151
_C1TXQCONL                                      (abs)        000150
_C1TXQCONT                                      (abs)        000153
_C1TXQCONU                                      (abs)        000152
_C1TXQSTALbits                                  (abs)        000154
_CAN1                                           smallconst   004001
_CAN1_BitRateConfiguration                      text30       005A88
_CAN1_BusErrorCallbackRegister                  (abs)        000000
_CAN1_BusErrorHandler                           bssBANK5     000570
_CAN1_BusWakeUpActivityCallbackRegister         (abs)        000000
_CAN1_BusWakeUpActivityHandler                  bssBANK5     000573
_CAN1_Deinitialize                              (abs)        000000
_CAN1_DlcToDataBytesGet                         text44       005A00
_CAN1_GetRxFifoDepth                            text46       0059AC
_CAN1_GetRxFifoStatus                           text45       005A32
_CAN1_GetTxFifoStatus                           text37       005A1A
_CAN1_InformationISR                            text52       005A4A
_CAN1_Initialize                                text23       005690
_CAN1_InvalidMessageCallbackRegister            (abs)        000000
_CAN1_InvalidMessageHandler                     bssCOMRAM    00054B
_CAN1_IsBusOff                                  (abs)        000000
_CAN1_IsRxErrorActive                           (abs)        000000
_CAN1_IsRxErrorPassive                          (abs)        000000
_CAN1_IsRxErrorWarning                          (abs)        000000
_CAN1_IsTxChannel                               text36       0057C6
_CAN1_IsTxChannel$797                           cstackCOMRAM 000503
_CAN1_IsTxErrorActive                           (abs)        000000
_CAN1_IsTxErrorPassive                          (abs)        000000
_CAN1_IsTxErrorWarning                          (abs)        000000
_CAN1_MessageReadFromFifo                       text43       004644
_CAN1_MessageWriteToFifo                        text38       0048B4
_CAN1_ModeChangeCallbackRegister                (abs)        000000
_CAN1_ModeChangeHandler                         bssBANK5     00056D
_CAN1_OperationModeGet                          text29       005B06
_CAN1_OperationModeSet                          text28       0053DC
_CAN1_RX_FIFO_Configuration                     text27       005A74
_CAN1_RX_FIFO_FilterMaskConfiguration           text26       005876
_CAN1_RX_FIFO_ResetInfo                         text25       0058CE
_CAN1_Receive                                   text41       0056E4
_CAN1_ReceiveFIFOStatusGet                      (abs)        000000
_CAN1_ReceiveFromFiFo                           text42       0050B6
_CAN1_ReceiveMessageGet                         (abs)        000000
_CAN1_ReceivedMessageCountGet                   text40       004EAA
_CAN1_RxBufferOverFlowCallbackRegister          (abs)        000000
_CAN1_RxBufferOverFlowHandler                   bssBANK5     000564
_CAN1_Sleep                                     (abs)        000000
_CAN1_SystemErrorCallbackRegister               (abs)        000000
_CAN1_SystemErrorHandler                        bssBANK5     00056A
_CAN1_TX_FIFO_Configuration                     text24       005A60
_CAN1_Tasks                                     (abs)        000000
_CAN1_Transmit                                  text33       0054DE
_CAN1_TransmitFIFOStatusGet                     text35       005920
_CAN1_TxAttemptCallbackRegister                 (abs)        000000
_CAN1_TxAttemptHandler                          bssBANK5     000567
_CAN1_ValidateTransmission                      text34       00562A
_CANRXPPS                                       (abs)        00023D
_CLOCK_Initialize                               text22       00596A
_FSCMCON                                        (abs)        000458
_INLVLA                                         (abs)        000404
_INLVLB                                         (abs)        00040C
_INLVLC                                         (abs)        000414
_INLVLE                                         (abs)        000424
_INT0_DefaultInterruptHandler                   (abs)        000000
_INT0_InterruptHandler                          bssCOMRAM    000548
_INT0_SetInterruptHandler                       text21       005AF8
_INT1_DefaultInterruptHandler                   (abs)        000000
_INT1_InterruptHandler                          bssCOMRAM    000545
_INT1_SetInterruptHandler                       text20       005AEA
_INT2_DefaultInterruptHandler                   (abs)        000000
_INT2_InterruptHandler                          bssCOMRAM    000542
_INT2_SetInterruptHandler                       text19       005ADC
_INTCON0bits                                    (abs)        0004D6
_INTERRUPT_Initialize                           text18       005786
_INTERRUPT_InterruptManager                     text47       005460
_IOCAF                                          (abs)        000407
_IOCAN                                          (abs)        000406
_IOCAP                                          (abs)        000405
_IOCBF                                          (abs)        00040F
_IOCBN                                          (abs)        00040E
_IOCBP                                          (abs)        00040D
_IOCCF                                          (abs)        000417
_IOCCN                                          (abs)        000416
_IOCCP                                          (abs)        000415
_IOCEF                                          (abs)        000427
_IOCEN                                          (abs)        000426
_IOCEP                                          (abs)        000425
_IO_RTC_GetTimeUS                               text32       0059CA
_IO_RTC_StartTime                               text31       0058A2
_LATA                                           (abs)        0004BE
_LATAbits                                       (abs)        0004BE
_LATB                                           (abs)        0004BF
_LATC                                           (abs)        0004C0
_ODCONA                                         (abs)        000402
_ODCONB                                         (abs)        00040A
_ODCONC                                         (abs)        000412
_OSCCON1                                        (abs)        0000AD
_OSCCON3                                        (abs)        0000AF
_OSCEN                                          (abs)        0000B3
_OSCFRQ                                         (abs)        0000B1
_OSCTUNE                                        (abs)        0000B0
_P0                                             dataCOMRAM   00055D
_P1                                             dataCOMRAM   00055C
_PCON0                                          (abs)        0004F0
_PIE0bits                                       (abs)        00049E
_PIE3bits                                       (abs)        0004A1
_PIN_MANAGER_IOC                                text51       005B24
_PIN_MANAGER_Initialize                         text17       005274
_PIR0bits                                       (abs)        0004AE
_PIR10bits                                      (abs)        0004B8
_PIR1bits                                       (abs)        0004AF
_PIR3bits                                       (abs)        0004B1
_PIR5bits                                       (abs)        0004B3
_PIR6bits                                       (abs)        0004B4
_PMD0                                           (abs)        000060
_PMD1                                           (abs)        000061
_PMD2                                           (abs)        000062
_PMD3                                           (abs)        000063
_PMD4                                           (abs)        000064
_PMD5                                           (abs)        000065
_PMD6                                           (abs)        000066
_PMD7                                           (abs)        000067
_PMD8                                           (abs)        000068
_PMD_Initialize                                 text16       0058F8
_RB1I2C                                         (abs)        000289
_RB1PPS                                         (abs)        00020A
_RB2I2C                                         (abs)        000288
_RB3PPS                                         (abs)        00020C
_RC0PPS                                         (abs)        000211
_RC3I2C                                         (abs)        000287
_RC4I2C                                         (abs)        000286
_RxData                                         bssBANK5     000576
_RxFrm                                          dataBANK5    00058E
_SLRCONA                                        (abs)        000403
_SLRCONB                                        (abs)        00040B
_SLRCONC                                        (abs)        000413
_SPI2                                           smallconst   00404F
_SPI2BAUD                                       (abs)        000096
_SPI2CLK                                        (abs)        000099
_SPI2CON0                                       (abs)        000091
_SPI2CON0bits                                   (abs)        000091
_SPI2CON1                                       (abs)        000092
_SPI2CON2                                       (abs)        000093
_SPI2RXB                                        (abs)        00008D
_SPI2SCKPPS                                     (abs)        00026D
_SPI2SDIPPS                                     (abs)        00026E
_SPI2TCNTL                                      (abs)        00008F
_SPI2TXB                                        (abs)        00008E
_SPI2_BufferExchange                            (abs)        000000
_SPI2_BufferRead                                (abs)        000000
_SPI2_BufferWrite                               (abs)        000000
_SPI2_ByteExchange                              text5        00598C
_SPI2_ByteRead                                  (abs)        000000
_SPI2_ByteWrite                                 (abs)        000000
_SPI2_Close                                     text4        005B16
_SPI2_Initialize                                text15       0059E6
_SPI2_Open                                      text3        00519C
_SYSTEM_Initialize                              text11       005948
_SoC                                            dataCOMRAM   000558
_T0CON0                                         (abs)        00031A
_T0CON0bits                                     (abs)        00031A
_T0CON1                                         (abs)        00031B
_TMR0H                                          (abs)        000319
_TMR0L                                          (abs)        000318
_TRISA                                          (abs)        0004C6
_TRISB                                          (abs)        0004C7
_TRISBbits                                      (abs)        0004C7
_TRISC                                          (abs)        0004C8
_TRISE                                          (abs)        0004CA
_TiOutTmr                                       bssCOMRAM    000550
_Timer0                                         smallconst   00406A
_Timer0_DefaultOverflowCallback                 text49       005B22
_Timer0_Initialize                              text13       005840
_Timer0_OverflowCallback                        bssCOMRAM    00053F
_Timer0_OverflowCallbackRegister                text14       005ACE
_Timer0_OverflowISR                             text48       005804
_Timer0_PeriodCountSet                          (abs)        000000
_Timer0_Start                                   text10       005B1C
_Timer0_Stop                                    (abs)        000000
_Tmr                                            bssCOMRAM    000554
_TxData                                         bssBANK5     00057E
_TxFrm                                          dataBANK5    000595
_UpdateTmr                                      text50       005A9C
_WDTCON0                                        (abs)        000078
_WDTCON1                                        (abs)        000079
_WPUA                                           (abs)        000401
_WPUB                                           (abs)        000409
_WPUC                                           (abs)        000411
_WPUE                                           (abs)        000421
_WWDT_Initialize                                text12       005AB0
__HRAM                                          (abs)        000000
__H__absolute__                                 __absolute__ 000000
__Habs1                                         abs1         000000
__Hbank10                                       bank10       000000
__Hbank11                                       bank11       000000
__Hbank12                                       bank12       000000
__Hbank13                                       bank13       000000
__Hbank14                                       bank14       000000
__Hbank15                                       bank15       000000
__Hbank16                                       bank16       000000
__Hbank17                                       bank17       000000
__Hbank18                                       bank18       000000
__Hbank19                                       bank19       000000
__Hbank20                                       bank20       000000
__Hbank21                                       bank21       000000
__Hbank22                                       bank22       000000
__Hbank23                                       bank23       000000
__Hbank24                                       bank24       000000
__Hbank25                                       bank25       000000
__Hbank26                                       bank26       000000
__Hbank27                                       bank27       000000
__Hbank28                                       bank28       000000
__Hbank29                                       bank29       000000
__Hbank30                                       bank30       000000
__Hbank31                                       bank31       000000
__Hbank32                                       bank32       000000
__Hbank33                                       bank33       000000
__Hbank34                                       bank34       000000
__Hbank35                                       bank35       000000
__Hbank36                                       bank36       000000
__Hbank37                                       bank37       000000
__Hbank38                                       bank38       000000
__Hbank39                                       bank39       000000
__Hbank40                                       bank40       000000
__Hbank41                                       bank41       000000
__Hbank42                                       bank42       000000
__Hbank43                                       bank43       000000
__Hbank44                                       bank44       000000
__Hbank45                                       bank45       000000
__Hbank46                                       bank46       000000
__Hbank47                                       bank47       000000
__Hbank48                                       bank48       000000
__Hbank49                                       bank49       000000
__Hbank5                                        bank5        000000
__Hbank50                                       bank50       000000
__Hbank51                                       bank51       000000
__Hbank52                                       bank52       000000
__Hbank53                                       bank53       000000
__Hbank54                                       bank54       000000
__Hbank6                                        bank6        000000
__Hbank7                                        bank7        000000
__Hbank8                                        bank8        000000
__Hbank9                                        bank9        000000
__Hbigbss                                       bigbss       000000
__Hbigdata                                      bigdata      000000
__Hbigram                                       bigram       000000
__Hbigsfr                                       bigsfr       000000
__Hbss                                          bss          000000
__HbssBANK5                                     bssBANK5     000000
__HbssCOMRAM                                    bssCOMRAM    000000
__Hcinit                                        cinit        000000
__Hclrtext                                      clrtext      000000
__Hcomram                                       comram       000000
__Hconfig                                       config       300023
__Hconst                                        const        000000
__HcstackBANK5                                  cstackBANK5  000000
__HcstackCOMRAM                                 cstackCOMRAM 000000
__Hdata                                         data         000000
__HdataBANK5                                    dataBANK5    000000
__HdataCOMRAM                                   dataCOMRAM   000000
__Heeprom_data                                  eeprom_data  000000
__Hfarbss                                       farbss       000000
__Hfardata                                      fardata      000000
__Hheap                                         heap         000000
__Hibigdata                                     ibigdata     000000
__Hidata                                        idata        000000
__HidataBANK5                                   idataBANK5   000000
__HidataCOMRAM                                  idataCOMRAM  000000
__Hidloc                                        idloc        000000
__Hifardata                                     ifardata     000000
__Hinit                                         init         00001E
__Hintsave_regs                                 intsave_regs 000000
__Hirdata                                       irdata       000000
__Hivt0x8                                       ivt0x8       00001A
__Hmediumconst                                  mediumconst  000000
__HnvFARRAM                                     nvFARRAM     000000
__Hnvbit                                        nvbit        000000
__Hnvrram                                       nvrram       000000
__Hparam                                        rparam       000000
__Hpowerup                                      powerup      000000
__Hram                                          ram          000000
__Hramtop                                       ramtop       004000
__Hrbit                                         rbit         000000
__Hrbss                                         rbss         000000
__Hrdata                                        rdata        000000
__Hreset_vec                                    reset_vec    000004
__Hrparam                                       rparam       000000
__Hsfr                                          sfr          000000
__Hsmallconst                                   smallconst   00408E
__Hspace_0                                      (abs)        005B26
__Hspace_1                                      (abs)        00059E
__Hspace_2                                      (abs)        000000
__Hspace_4                                      (abs)        600023
__Hstack                                        stack        000000
__Hstruct                                       struct       000000
__Htemp                                         temp         000000
__Htext                                         text         000000
__Htext0                                        text0        000000
__Htext1                                        text1        000000
__Htext10                                       text10       000000
__Htext11                                       text11       000000
__Htext12                                       text12       000000
__Htext13                                       text13       000000
__Htext14                                       text14       000000
__Htext15                                       text15       000000
__Htext16                                       text16       000000
__Htext17                                       text17       000000
__Htext18                                       text18       000000
__Htext19                                       text19       000000
__Htext2                                        text2        000000
__Htext20                                       text20       000000
__Htext21                                       text21       000000
__Htext22                                       text22       000000
__Htext23                                       text23       000000
__Htext24                                       text24       000000
__Htext25                                       text25       000000
__Htext26                                       text26       000000
__Htext27                                       text27       000000
__Htext28                                       text28       000000
__Htext29                                       text29       000000
__Htext3                                        text3        000000
__Htext30                                       text30       000000
__Htext31                                       text31       000000
__Htext32                                       text32       000000
__Htext33                                       text33       000000
__Htext34                                       text34       000000
__Htext35                                       text35       000000
__Htext36                                       text36       000000
__Htext37                                       text37       000000
__Htext38                                       text38       000000
__Htext39                                       text39       000000
__Htext4                                        text4        000000
__Htext40                                       text40       000000
__Htext41                                       text41       000000
__Htext42                                       text42       000000
__Htext43                                       text43       000000
__Htext44                                       text44       000000
__Htext45                                       text45       000000
__Htext46                                       text46       000000
__Htext47                                       text47       000000
__Htext48                                       text48       000000
__Htext49                                       text49       000000
__Htext5                                        text5        000000
__Htext50                                       text50       000000
__Htext51                                       text51       000000
__Htext52                                       text52       000000
__Htext53                                       text53       000000
__Htext6                                        text6        000000
__Htext7                                        text7        000000
__Htext8                                        text8        000000
__Htext9                                        text9        000000
__LRAM                                          (abs)        000001
__L__absolute__                                 __absolute__ 000000
__Labs1                                         abs1         000000
__Lbank10                                       bank10       000000
__Lbank11                                       bank11       000000
__Lbank12                                       bank12       000000
__Lbank13                                       bank13       000000
__Lbank14                                       bank14       000000
__Lbank15                                       bank15       000000
__Lbank16                                       bank16       000000
__Lbank17                                       bank17       000000
__Lbank18                                       bank18       000000
__Lbank19                                       bank19       000000
__Lbank20                                       bank20       000000
__Lbank21                                       bank21       000000
__Lbank22                                       bank22       000000
__Lbank23                                       bank23       000000
__Lbank24                                       bank24       000000
__Lbank25                                       bank25       000000
__Lbank26                                       bank26       000000
__Lbank27                                       bank27       000000
__Lbank28                                       bank28       000000
__Lbank29                                       bank29       000000
__Lbank30                                       bank30       000000
__Lbank31                                       bank31       000000
__Lbank32                                       bank32       000000
__Lbank33                                       bank33       000000
__Lbank34                                       bank34       000000
__Lbank35                                       bank35       000000
__Lbank36                                       bank36       000000
__Lbank37                                       bank37       000000
__Lbank38                                       bank38       000000
__Lbank39                                       bank39       000000
__Lbank40                                       bank40       000000
__Lbank41                                       bank41       000000
__Lbank42                                       bank42       000000
__Lbank43                                       bank43       000000
__Lbank44                                       bank44       000000
__Lbank45                                       bank45       000000
__Lbank46                                       bank46       000000
__Lbank47                                       bank47       000000
__Lbank48                                       bank48       000000
__Lbank49                                       bank49       000000
__Lbank5                                        bank5        000000
__Lbank50                                       bank50       000000
__Lbank51                                       bank51       000000
__Lbank52                                       bank52       000000
__Lbank53                                       bank53       000000
__Lbank54                                       bank54       000000
__Lbank6                                        bank6        000000
__Lbank7                                        bank7        000000
__Lbank8                                        bank8        000000
__Lbank9                                        bank9        000000
__Lbigbss                                       bigbss       000000
__Lbigdata                                      bigdata      000000
__Lbigram                                       bigram       000000
__Lbigsfr                                       bigsfr       000000
__Lbss                                          bss          000000
__LbssBANK5                                     bssBANK5     000000
__LbssCOMRAM                                    bssCOMRAM    000000
__Lcinit                                        cinit        000000
__Lclrtext                                      clrtext      000000
__Lcomram                                       comram       000000
__Lconfig                                       config       000000
__Lconst                                        const        000000
__LcstackBANK5                                  cstackBANK5  000000
__LcstackCOMRAM                                 cstackCOMRAM 000000
__Ldata                                         data         000000
__LdataBANK5                                    dataBANK5    000000
__LdataCOMRAM                                   dataCOMRAM   000000
__Leeprom_data                                  eeprom_data  000000
__Lfarbss                                       farbss       000000
__Lfardata                                      fardata      000000
__Lheap                                         heap         000000
__Libigdata                                     ibigdata     000000
__Lidata                                        idata        000000
__LidataBANK5                                   idataBANK5   000000
__LidataCOMRAM                                  idataCOMRAM  000000
__Lidloc                                        idloc        000000
__Lifardata                                     ifardata     000000
__Linit                                         init         00001A
__Lintsave_regs                                 intsave_regs 000000
__Lirdata                                       irdata       000000
__Livt0x8                                       ivt0x8       000008
__Lmediumconst                                  mediumconst  000000
__LnvFARRAM                                     nvFARRAM     000000
__Lnvbit                                        nvbit        000000
__Lnvrram                                       nvrram       000000
__Lparam                                        rparam       000000
__Lpowerup                                      powerup      000000
__Lram                                          ram          000000
__Lramtop                                       ramtop       004000
__Lrbit                                         rbit         000000
__Lrbss                                         rbss         000000
__Lrdata                                        rdata        000000
__Lreset_vec                                    reset_vec    000000
__Lrparam                                       rparam       000000
__Lsfr                                          sfr          000000
__Lsmallconst                                   smallconst   004000
__Lspace_0                                      (abs)        000000
__Lspace_1                                      (abs)        000000
__Lspace_2                                      (abs)        000000
__Lspace_4                                      (abs)        000000
__Lstack                                        stack        000000
__Lstruct                                       struct       000000
__Ltemp                                         temp         000000
__Ltext                                         text         000000
__Ltext0                                        text0        000000
__Ltext1                                        text1        000000
__Ltext10                                       text10       000000
__Ltext11                                       text11       000000
__Ltext12                                       text12       000000
__Ltext13                                       text13       000000
__Ltext14                                       text14       000000
__Ltext15                                       text15       000000
__Ltext16                                       text16       000000
__Ltext17                                       text17       000000
__Ltext18                                       text18       000000
__Ltext19                                       text19       000000
__Ltext2                                        text2        000000
__Ltext20                                       text20       000000
__Ltext21                                       text21       000000
__Ltext22                                       text22       000000
__Ltext23                                       text23       000000
__Ltext24                                       text24       000000
__Ltext25                                       text25       000000
__Ltext26                                       text26       000000
__Ltext27                                       text27       000000
__Ltext28                                       text28       000000
__Ltext29                                       text29       000000
__Ltext3                                        text3        000000
__Ltext30                                       text30       000000
__Ltext31                                       text31       000000
__Ltext32                                       text32       000000
__Ltext33                                       text33       000000
__Ltext34                                       text34       000000
__Ltext35                                       text35       000000
__Ltext36                                       text36       000000
__Ltext37                                       text37       000000
__Ltext38                                       text38       000000
__Ltext39                                       text39       000000
__Ltext4                                        text4        000000
__Ltext40                                       text40       000000
__Ltext41                                       text41       000000
__Ltext42                                       text42       000000
__Ltext43                                       text43       000000
__Ltext44                                       text44       000000
__Ltext45                                       text45       000000
__Ltext46                                       text46       000000
__Ltext47                                       text47       000000
__Ltext48                                       text48       000000
__Ltext49                                       text49       000000
__Ltext5                                        text5        000000
__Ltext50                                       text50       000000
__Ltext51                                       text51       000000
__Ltext52                                       text52       000000
__Ltext53                                       text53       000000
__Ltext6                                        text6        000000
__Ltext7                                        text7        000000
__Ltext8                                        text8        000000
__Ltext9                                        text9        000000
__S0                                            (abs)        005B26
__S1                                            (abs)        00059E
__S4                                            (abs)        000000
__S5                                            (abs)        000000
___INTERNAL_TIMER__                             bssBANK5     000560
___heap_hi                                      (abs)        000000
___heap_lo                                      (abs)        000000
___inthi_sp                                     stack        000000
___intlo_sp                                     stack        000000
___lldiv                                        text8        005338
___lldiv@counter                                cstackCOMRAM 00051B
___lldiv@dividend                               cstackCOMRAM 00050F
___lldiv@divisor                                cstackCOMRAM 000513
___lldiv@quotient                               cstackCOMRAM 000517
___lmul                                         text7        0055C0
___lmul@multiplicand                            cstackCOMRAM 000507
___lmul@multiplier                              cstackCOMRAM 000503
___lmul@product                                 cstackCOMRAM 00050B
___param_bank                                   (abs)        000000
___rparam_used                                  (abs)        000001
___sp                                           stack        000000
__accesstop                                     (abs)        000560
__activetblptr                                  (abs)        000003
__end_ofCAN1_DlcToDataBytesGet@dlcByteSize      smallconst   004085
__end_of_CAN1                                   smallconst   00404F
__end_of_CAN1_BitRateConfiguration              text30       005A9C
__end_of_CAN1_DlcToDataBytesGet                 text44       005A1A
__end_of_CAN1_GetRxFifoDepth                    text46       0059CA
__end_of_CAN1_GetRxFifoStatus                   text45       005A4A
__end_of_CAN1_GetTxFifoStatus                   text37       005A32
__end_of_CAN1_InformationISR                    text52       005A60
__end_of_CAN1_Initialize                        text23       0056E4
__end_of_CAN1_IsTxChannel                       text36       005804
__end_of_CAN1_MessageReadFromFifo               text43       0048B4
__end_of_CAN1_MessageWriteToFifo                text38       004ACE
__end_of_CAN1_OperationModeGet                  text29       005B10
__end_of_CAN1_OperationModeSet                  text28       005460
__end_of_CAN1_RX_FIFO_Configuration             text27       005A88
__end_of_CAN1_RX_FIFO_FilterMaskConfiguration   text26       0058A2
__end_of_CAN1_RX_FIFO_ResetInfo                 text25       0058F8
__end_of_CAN1_Receive                           text41       005736
__end_of_CAN1_ReceiveFromFiFo                   text42       00519C
__end_of_CAN1_ReceivedMessageCountGet           text40       004FB4
__end_of_CAN1_TX_FIFO_Configuration             text24       005A74
__end_of_CAN1_Transmit                          text33       005554
__end_of_CAN1_TransmitFIFOStatusGet             text35       005948
__end_of_CAN1_ValidateTransmission              text34       005690
__end_of_CLOCK_Initialize                       text22       00598C
__end_of_FIFO                                   smallconst   00408C
__end_of_INT0_SetInterruptHandler               text21       005B06
__end_of_INT1_SetInterruptHandler               text20       005AF8
__end_of_INT2_SetInterruptHandler               text19       005AEA
__end_of_INTERRUPT_Initialize                   text18       0057C6
__end_of_INTERRUPT_InterruptManager             text47       0054DE
__end_of_IO_RTC_GetTimeUS                       text32       0059E6
__end_of_IO_RTC_StartTime                       text31       0058CE
__end_of_PIN_MANAGER_IOC                        text51       005B26
__end_of_PIN_MANAGER_Initialize                 text17       005338
__end_of_PMD_Initialize                         text16       005920
__end_of_SPI2                                   smallconst   00406A
__end_of_SPI2_ByteExchange                      text5        0059AC
__end_of_SPI2_Close                             text4        005B1C
__end_of_SPI2_Initialize                        text15       005A00
__end_of_SPI2_Open                              text3        005274
__end_of_SYSTEM_Initialize                      text11       00596A
__end_of_Timer0                                 smallconst   00407C
__end_of_Timer0_DefaultOverflowCallback         text49       005B24
__end_of_Timer0_Initialize                      text13       005876
__end_of_Timer0_OverflowCallbackRegister        text14       005ADC
__end_of_Timer0_OverflowISR                     text48       005840
__end_of_Timer0_Start                           text10       005B22
__end_of_UpdateTmr                              text50       005AB0
__end_of_WWDT_Initialize                        text12       005AC0
__end_of___lldiv                                text8        0053DC
__end_of___lmul                                 text7        00562A
__end_of__initialization                        cinit        0055BA
__end_of_calculate_P                            text9        00437C
__end_of_linear_map                             text6        0050B6
__end_of_main                                   text0        004CDA
__end_of_memcpy                                 text39       005786
__end_of_setup_Poti                             text2        004644
__end_of_spi2_configuration                     smallconst   00408A
__end_of_transmit_P                             text1        004EAA
__initialization                                cinit        005554
__mediumconst                                   mediumconst  000000
__pbssBANK5                                     bssBANK5     000560
__pbssCOMRAM                                    bssCOMRAM    00053F
__pcinit                                        cinit        005554
__pcstackBANK5                                  cstackBANK5  00059C
__pcstackCOMRAM                                 cstackCOMRAM 000501
__pdataBANK5                                    dataBANK5    00058E
__pdataCOMRAM                                   dataCOMRAM   000558
__pidataBANK5                                   idataBANK5   005AC0
__pidataCOMRAM                                  idataCOMRAM  005B10
__pivt0x8                                       ivt0x8       000008
__psmallconst                                   smallconst   004000
__ptext0                                        text0        004ACE
__ptext1                                        text1        004CDA
__ptext10                                       text10       005B1C
__ptext11                                       text11       005948
__ptext12                                       text12       005AB0
__ptext13                                       text13       005840
__ptext14                                       text14       005ACE
__ptext15                                       text15       0059E6
__ptext16                                       text16       0058F8
__ptext17                                       text17       005274
__ptext18                                       text18       005786
__ptext19                                       text19       005ADC
__ptext2                                        text2        00437C
__ptext20                                       text20       005AEA
__ptext21                                       text21       005AF8
__ptext22                                       text22       00596A
__ptext23                                       text23       005690
__ptext24                                       text24       005A60
__ptext25                                       text25       0058CE
__ptext26                                       text26       005876
__ptext27                                       text27       005A74
__ptext28                                       text28       0053DC
__ptext29                                       text29       005B06
__ptext3                                        text3        00519C
__ptext30                                       text30       005A88
__ptext31                                       text31       0058A2
__ptext32                                       text32       0059CA
__ptext33                                       text33       0054DE
__ptext34                                       text34       00562A
__ptext35                                       text35       005920
__ptext36                                       text36       0057C6
__ptext37                                       text37       005A1A
__ptext38                                       text38       0048B4
__ptext39                                       text39       005736
__ptext4                                        text4        005B16
__ptext40                                       text40       004EAA
__ptext41                                       text41       0056E4
__ptext42                                       text42       0050B6
__ptext43                                       text43       004644
__ptext44                                       text44       005A00
__ptext45                                       text45       005A32
__ptext46                                       text46       0059AC
__ptext47                                       text47       005460
__ptext48                                       text48       005804
__ptext49                                       text49       005B22
__ptext5                                        text5        00598C
__ptext50                                       text50       005A9C
__ptext51                                       text51       005B24
__ptext52                                       text52       005A4A
__ptext53                                       text53       000000
__ptext6                                        text6        004FB4
__ptext7                                        text7        0055C0
__ptext8                                        text8        005338
__ptext9                                        text9        00408E
__ramtop                                        ramtop       004000
__smallconst                                    smallconst   004000
_calculate_P                                    text9        00408E
_linear_map                                     text6        004FB4
_main                                           text0        004ACE
_memcpy                                         text39       005736
_rxFIFOMsg                                      dataCOMRAM   00055A
_rxMsgData                                      bssBANK5     000586
_setup_Poti                                     text2        00437C
_spi2_configuration                             smallconst   004085
_timerTMR0ReloadVal16bit                        bssCOMRAM    00054E
_transmit_P                                     text1        004CDA
calculate_P@p0                                  cstackCOMRAM 000503
calculate_P@p1                                  cstackCOMRAM 000505
calculate_P@percent                             cstackCOMRAM 000507
end_of_initialization                           cinit        0055BA
intlevel0                                       text         000000
intlevel1                                       text         000000
intlevel2                                       text         000000
intlevel3                                       text         000000
isa$std                                         (abs)        000001
isa$xinst                                       (abs)        000000
ivt0x8_base                                     ivt0x8       000008
linear_map@A                                    cstackCOMRAM 000536
linear_map@B                                    cstackCOMRAM 000526
linear_map@V                                    cstackCOMRAM 00052E
linear_map@X                                    cstackCOMRAM 00053A
linear_map@Y                                    cstackCOMRAM 00052A
linear_map@a                                    cstackCOMRAM 00051C
linear_map@b                                    cstackCOMRAM 00051E
linear_map@ret                                  cstackCOMRAM 000532
linear_map@value                                cstackCOMRAM 000524
linear_map@x                                    cstackCOMRAM 000520
linear_map@y                                    cstackCOMRAM 000522
main@SoC_raw                                    cstackBANK5  00059C
memcpy@d                                        cstackCOMRAM 00050B
memcpy@d1                                       cstackCOMRAM 000504
memcpy@n                                        cstackCOMRAM 000508
memcpy@s                                        cstackCOMRAM 00050D
memcpy@s1                                       cstackCOMRAM 000506
memcpy@tmp                                      cstackCOMRAM 00050A
stackhi                                         (abs)        000000
stacklo                                         (abs)        000000
start                                           init         00001A
start_initialization                            cinit        005554
transmit_P@p0                                   cstackCOMRAM 000507
transmit_P@p1                                   cstackCOMRAM 000505


MODULE INFORMATION

Module		Function		Class		Link	Load	Size
C:\Program Files\Microchip\xc8\v2.41\pic\sources\c99\common\Umul32.c
		___lmul        		CODE           	55C0	0000	106

C:\Program Files\Microchip\xc8\v2.41\pic\sources\c99\common\Umul32.c estimated size: 106

mcc_generated_files/system/src/watchdog.c
		_WWDT_Initialize		CODE           	5AB0	0000	16

mcc_generated_files/system/src/watchdog.c estimated size: 16

C:\Program Files\Microchip\xc8\v2.41\pic\sources\c99\common\__lldiv.c
		___lldiv       		CODE           	5338	0000	164

C:\Program Files\Microchip\xc8\v2.41\pic\sources\c99\common\__lldiv.c estimated size: 164

mcc_generated_files/system/src/interrupt.c
		_INT0_SetInterruptHandler		CODE           	5AF8	0000	14
		_INT1_SetInterruptHandler		CODE           	5AEA	0000	14
		_INT2_SetInterruptHandler		CODE           	5ADC	0000	14
		_INTERRUPT_Initialize		CODE           	5786	0000	64
		_INTERRUPT_InterruptManager		CODE           	5460	0000	126

mcc_generated_files/system/src/interrupt.c estimated size: 232

mcc_generated_files/spi/src/spi2.c
		_SPI2_ByteExchange		CODE           	598C	0000	32
		_SPI2_Open     		CODE           	519C	0000	216
		_SPI2_Initialize		CODE           	59E6	0000	26
		_SPI2_Close    		CODE           	5B16	0000	6

mcc_generated_files/spi/src/spi2.c estimated size: 280

mcc_generated_files/system/src/pins.c
		_PIN_MANAGER_Initialize		CODE           	5274	0000	196
		_PIN_MANAGER_IOC		CODE           	5B24	0000	2

mcc_generated_files/system/src/pins.c estimated size: 198

shared
		CAN1_DlcToDataBytesGet@dlcByteSize		SMALLCONST     	407C	0000	9
		_SPI2          		SMALLCONST     	404F	0000	27
		_FIFO          		SMALLCONST     	0000	0000	0
		__initialization		CODE           	5554	0000	102
		_Timer0        		SMALLCONST     	406A	0000	18
		_CAN1          		SMALLCONST     	4001	0000	78
		_spi2_configuration		SMALLCONST     	4085	0000	5

shared estimated size: 239

C:\Program Files\Microchip\xc8\v2.41\pic\sources\c99\common\memcpy.c
		_memcpy        		CODE           	5736	0000	80

C:\Program Files\Microchip\xc8\v2.41\pic\sources\c99\common\memcpy.c estimated size: 80

mcc_generated_files/system/src/clock.c
		_CLOCK_Initialize		CODE           	596A	0000	34

mcc_generated_files/system/src/clock.c estimated size: 34

mcc_generated_files/timer/src/tmr0.c
		_Timer0_Start  		CODE           	5B1C	0000	6
		_Timer0_Initialize		CODE           	5840	0000	54
		_Timer0_OverflowCallbackRegister		CODE           	5ACE	0000	14
		_Timer0_OverflowISR		CODE           	5804	0000	60
		_Timer0_DefaultOverflowCallback		CODE           	5B22	0000	2

mcc_generated_files/timer/src/tmr0.c estimated size: 136

main.c
		_linear_map    		CODE           	4FB4	0000	258
		_main          		CODE           	4ACE	0000	524
		_calculate_P   		CODE           	408E	0000	750
		_IO_RTC_GetTimeUS		CODE           	59CA	0000	28
		_setup_Poti    		CODE           	437C	0000	712
		_UpdateTmr     		CODE           	5A9C	0000	20
		_IO_RTC_StartTime		CODE           	58A2	0000	44
		_transmit_P    		CODE           	4CDA	0000	464

main.c estimated size: 2800

mcc_generated_files/can/src/can1.c
		_CAN1_BitRateConfiguration		CODE           	5A88	0000	20
		_CAN1_InformationISR		CODE           	5A4A	0000	22
		_CAN1_GetRxFifoDepth		CODE           	59AC	0000	30
		_CAN1_TX_FIFO_Configuration		CODE           	5A60	0000	20
		_CAN1_OperationModeGet		CODE           	5B06	0000	10
		_CAN1_ValidateTransmission		CODE           	562A	0000	102
		_CAN1_MessageWriteToFifo		CODE           	48B4	0000	538
		_CAN1_Initialize		CODE           	5690	0000	84
		_CAN1_IsTxChannel		CODE           	57C6	0000	62
		_CAN1_ReceiveFromFiFo		CODE           	50B6	0000	230
		_CAN1_TransmitFIFOStatusGet		CODE           	5920	0000	40
		_CAN1_Transmit 		CODE           	54DE	0000	118
		_CAN1_RX_FIFO_FilterMaskConfiguration		CODE           	5876	0000	44
		_CAN1_RX_FIFO_Configuration		CODE           	5A74	0000	20
		_CAN1_GetRxFifoStatus		CODE           	5A32	0000	24
		_CAN1_GetTxFifoStatus		CODE           	5A1A	0000	24
		_CAN1_ReceivedMessageCountGet		CODE           	4EAA	0000	266
		_CAN1_DlcToDataBytesGet		CODE           	5A00	0000	26
		_CAN1_MessageReadFromFifo		CODE           	4644	0000	624
		_CAN1_Receive  		CODE           	56E4	0000	82
		_CAN1_RX_FIFO_ResetInfo		CODE           	58CE	0000	42
		_CAN1_OperationModeSet		CODE           	53DC	0000	132

mcc_generated_files/can/src/can1.c estimated size: 2560

mcc_generated_files/system/src/system.c
		_PMD_Initialize		CODE           	58F8	0000	40
		_SYSTEM_Initialize		CODE           	5948	0000	34

mcc_generated_files/system/src/system.c estimated size: 74

